>>> 'Pkg.add("JavaCall")' log
INFO: Cloning cache of JavaCall from https://github.com/JuliaInterop/JavaCall.jl.git
INFO: Installing DataStructures v0.6.1
INFO: Installing JavaCall v0.5.2
INFO: Package database updated
INFO: METADATA is out-of-date — you may not have the latest version of JavaCall
INFO: Use `Pkg.update()` to get the latest versions of your packages

>>> 'Pkg.test("JavaCall")' log
Julia Version 0.5.2
Commit f4c6c9d (2017-05-06 16:34 UTC)
Platform Info:
  OS: Linux (x86_64-pc-linux-gnu)
  CPU: Intel(R) Xeon(R) CPU E3-1241 v3 @ 3.50GHz
  WORD_SIZE: 64
           Ubuntu 14.04.5 LTS
  uname: Linux 3.13.0-135-generic #184-Ubuntu SMP Wed Oct 18 11:55:51 UTC 2017 x86_64 x86_64
Memory: 2.93927001953125 GB (1364.30859375 MB free)
Uptime: 59311.0 sec
Load Avg:  1.01806640625  1.0224609375  1.04541015625
Intel(R) Xeon(R) CPU E3-1241 v3 @ 3.50GHz: 
       speed         user         nice          sys         idle          irq
#1  3499 MHz    3776562 s         67 s     289928 s    1178864 s         74 s
#2  3499 MHz    1283918 s         95 s     143291 s    4367334 s          2 s

  BLAS: libopenblas (USE64BITINT DYNAMIC_ARCH NO_AFFINITY Nehalem)
  LAPACK: libopenblas64_
  LIBM: libopenlibm
  LLVM: libLLVM-3.7.1 (ORCJIT, haswell)
Environment:
  TERM = vt100
  LD_LIBRARY_PATH = :/usr/local/lib/
  PATH = /usr/local/sbin:/usr/local/bin:/usr/sbin:/usr/bin:/sbin:/bin:/usr/games:/usr/local/games:/home/vagrant/julia/bin/
  JAVA_HOME = /usr/lib/jvm/java-8-openjdk-amd64
  HOME = /home/vagrant

Package Directory: /home/vagrant/.julia/v0.5
2 required packages:
 - JSON                          0.14.0
 - JavaCall                      0.5.2
17 additional packages:
 - BinDeps                       0.6.0
 - Cairo                         0.4.0
 - ColorTypes                    0.5.2
 - Colors                        0.7.4
 - Compat                        0.42.0
 - DataStructures                0.6.1
 - FixedPointNumbers             0.3.9
 - Graphics                      0.2.0
 - Gtk                           0.13.1
 - NaNMath                       0.2.6
 - NodeJS                        0.1.0
 - Reexport                      0.1.0
 - Requires                      0.3.0
 - Rsvg                          0.1.0
 - SHA                           0.3.3
 - URIParser                     0.2.0
 - VegaLite                      0.1.0              ecb31725 (dirty)
INFO: Testing JavaCall
Loaded /usr/lib/jvm/java-8-openjdk-amd64/jre/lib/amd64/server/libjvm.so
Julia Version 0.5.2
Commit f4c6c9d (2017-05-06 16:34 UTC)
Platform Info:
  OS: Linux (x86_64-pc-linux-gnu)
  CPU: Intel(R) Xeon(R) CPU E3-1241 v3 @ 3.50GHz
  WORD_SIZE: 64
  BLAS: libopenblas (USE64BITINT DYNAMIC_ARCH NO_AFFINITY Nehalem)
  LAPACK: libopenblas64_
  LIBM: libopenlibm
  LLVM: libLLVM-3.7.1 (ORCJIT, haswell)
In Java, recd: 10
In Java, recd: 10
In Java, recd: 10
In Java, recd: 2147483647
In Java, recd: 9223372036854775807
In Java, recd: Hello Java
In Java, recd: 10.02
In Java, recd: 10.02
In Java, recd: 1.7976931348623157E308
In Java, recd: 3.4028235E38
In Java, recd: null
[GC (Allocation Failure)  12278K->11780K(47104K), 0.0029724 secs]
[GC (Allocation Failure)  24068K->24002K(47104K), 0.0050139 secs]
[Full GC (Ergonomics)  24002K->23971K(64512K), 0.0095853 secs]
[GC (Allocation Failure)  36249K->36220K(64512K), 0.0047453 secs]
[GC (Allocation Failure)  48504K->39054K(76288K), 0.0021797 secs]
[Full GC (Ergonomics)  39054K->5390K(64512K), 0.0066472 secs]
[GC (Allocation Failure)  29454K->29191K(64512K), 0.0064802 secs]
[Full GC (Ergonomics)  29191K->29188K(100864K), 0.0041806 secs]
[GC (Allocation Failure)  53252K->38035K(124416K), 0.0028043 secs]
[GC (Allocation Failure)  75923K->32015K(125952K), 0.0013281 secs]
[GC (Allocation Failure)  69903K->69597K(143360K), 0.0136926 secs]
[Full GC (Ergonomics)  69597K->40910K(165376K), 0.0202794 secs]
[GC (Allocation Failure)  96718K->71526K(167936K), 0.0176806 secs]
[GC (Allocation Failure)  127334K->98638K(186368K), 0.0146393 secs]
[Full GC (Ergonomics)  98638K->42965K(196608K), 0.0121058 secs]
[GC (Allocation Failure)  114133K->68311K(199680K), 0.0115367 secs]
[GC (Allocation Failure)  139479K->77979K(222208K), 0.0105240 secs]
[GC (Allocation Failure)  168091K->85681K(226816K), 0.0106493 secs]
[GC (Allocation Failure)  175793K->70656K(250880K), 0.0075468 secs]
[GC (Allocation Failure)  184832K->96588K(254464K), 0.0083843 secs]
[GC (Allocation Failure)  210764K->65281K(279552K), 0.0027844 secs]
[GC (Allocation Failure)  203521K->72103K(283648K), 0.0033102 secs]
[GC (Allocation Failure)  210343K->101592K(292352K), 0.0125473 secs]
[GC (Allocation Failure)  250072K->99481K(299008K), 0.0102278 secs]
[GC (Allocation Failure)  247961K->95767K(312320K), 0.0098352 secs]
[GC (Allocation Failure)  253463K->77849K(314368K), 0.0038039 secs]
[GC (Allocation Failure)  235545K->82951K(308224K), 0.0049022 secs]
[GC (Allocation Failure)  242695K->90047K(311296K), 0.0083195 secs]
Exception in thread "main" java.lang.NoSuchMethodError: sinx
Exception in thread "main" java.lang.NoSuchMethodError: sinx
INFO: JavaCall tests passed

>>> End of log
