>>> 'Pkg.add("JavaCall")' log
INFO: Cloning cache of JavaCall from https://github.com/JuliaInterop/JavaCall.jl.git
INFO: Installing DataStructures v0.8.1
INFO: Installing JavaCall v0.5.2
INFO: Package database updated
INFO: METADATA is out-of-date — you may not have the latest version of JavaCall
INFO: Use `Pkg.update()` to get the latest versions of your packages

>>> 'Pkg.test("JavaCall")' log
Julia Version 0.6.2
Commit d386e40c17 (2017-12-13 18:08 UTC)
Platform Info:
  OS: Linux (x86_64-pc-linux-gnu)
  CPU: Intel(R) Xeon(R) CPU E3-1241 v3 @ 3.50GHz
  WORD_SIZE: 64
           Ubuntu 14.04.5 LTS
  uname: Linux 3.13.0-143-generic #192-Ubuntu SMP Tue Feb 27 10:45:36 UTC 2018 x86_64 x86_64
Memory: 2.939197540283203 GB (1237.44921875 MB free)
Uptime: 37717.0 sec
Load Avg:  1.07080078125  0.9990234375  0.9599609375
Intel(R) Xeon(R) CPU E3-1241 v3 @ 3.50GHz: 
       speed         user         nice          sys         idle          irq
#1  3500 MHz    2266562 s       1323 s     163315 s     797258 s         22 s
#2  3500 MHz     517555 s       5578 s      66342 s    3109277 s          0 s

  BLAS: libopenblas (USE64BITINT DYNAMIC_ARCH NO_AFFINITY Nehalem)
  LAPACK: libopenblas64_
  LIBM: libopenlibm
  LLVM: libLLVM-3.9.1 (ORCJIT, haswell)
Environment:
  TERM = vt100
  LD_LIBRARY_PATH = :/usr/local/lib/
  PATH = /usr/local/sbin:/usr/local/bin:/usr/sbin:/usr/bin:/sbin:/bin:/usr/games:/usr/local/games:/home/vagrant/julia/bin/
  JAVA_HOME = /usr/lib/jvm/java-8-openjdk-amd64
  HOME = /home/vagrant

Package Directory: /home/vagrant/.julia/v0.6
2 required packages:
 - JSON                          0.17.2
 - JavaCall                      0.5.2
18 additional packages:
 - BinDeps                       0.8.8
 - Cairo                         0.5.1
 - ColorTypes                    0.6.7
 - Colors                        0.8.2
 - Compat                        0.64.0
 - DataStructures                0.8.1
 - FixedPointNumbers             0.4.6
 - Graphics                      0.3.0
 - Gtk                           0.13.1
 - NaNMath                       0.3.1
 - NodeJS                        0.4.0
 - Nullables                     0.0.5
 - Reexport                      0.1.0
 - Requires                      0.4.3
 - Rsvg                          0.2.0
 - SHA                           0.5.7
 - URIParser                     0.3.1
 - VegaLite                      0.1.0              ecb31725 (dirty)
INFO: Testing JavaCall
Loaded /usr/lib/jvm/java-8-openjdk-amd64/jre/lib/amd64/server/libjvm.so
Julia Version 0.6.2
Commit d386e40c17 (2017-12-13 18:08 UTC)
Platform Info:
  OS: Linux (x86_64-pc-linux-gnu)
  CPU: Intel(R) Xeon(R) CPU E3-1241 v3 @ 3.50GHz
  WORD_SIZE: 64
  BLAS: libopenblas (USE64BITINT DYNAMIC_ARCH NO_AFFINITY Nehalem)
  LAPACK: libopenblas64_
  LIBM: libopenlibm
  LLVM: libLLVM-3.9.1 (ORCJIT, haswell)
In Java, recd: 10
In Java, recd: 10
In Java, recd: 10
In Java, recd: 2147483647
In Java, recd: 9223372036854775807
In Java, recd: Hello Java
In Java, recd: 10.02
In Java, recd: 10.02
In Java, recd: 1.7976931348623157E308
In Java, recd: 3.4028235E38
In Java, recd: null
[GC (Allocation Failure)  12278K->11776K(47104K), 0.0060726 secs]
[GC (Allocation Failure)  24054K->23981K(47104K), 0.0066013 secs]
[Full GC (Ergonomics)  23981K->23972K(64000K), 0.0136384 secs]
[GC (Allocation Failure)  36253K->36221K(64000K), 0.0061818 secs]
[GC (Allocation Failure)  48508K->38547K(76288K), 0.0021860 secs]
[Full GC (Ergonomics)  38547K->4902K(65024K), 0.0142324 secs]
[GC (Allocation Failure)  29459K->29368K(65024K), 0.0095919 secs]
[Full GC (Ergonomics)  29368K->29365K(104448K), 0.0346232 secs]
[GC (Allocation Failure)  53936K->38623K(122880K), 0.0098857 secs]
[GC (Allocation Failure)  72412K->72256K(129024K), 0.0304498 secs]
[Full GC (Ergonomics)  72256K->43397K(156160K), 0.0220778 secs]
[GC (Allocation Failure)  77189K->75870K(172032K), 0.0097702 secs]
[GC (Allocation Failure)  121438K->67960K(176128K), 0.0050388 secs]
[GC (Allocation Failure)  113528K->69348K(186368K), 0.0067418 secs]
[GC (Allocation Failure)  125668K->81499K(186880K), 0.0093802 secs]
[GC (Allocation Failure)  137819K->95045K(199168K), 0.0714834 secs]
[GC (Allocation Failure)  159557K->104955K(203776K), 0.0121209 secs]
[GC (Allocation Failure)  169467K->86100K(223744K), 0.0902781 secs]
[GC (Allocation Failure)  169044K->80744K(225280K), 0.0276964 secs]
[GC (Allocation Failure)  163688K->99834K(241664K), 0.0139199 secs]
[GC (Allocation Failure)  200186K->112012K(244736K), 0.0141309 secs]
[GC (Allocation Failure)  212364K->106480K(262656K), 0.0115454 secs]
[GC (Allocation Failure)  218608K->86197K(265728K), 0.0101298 secs]
[GC (Allocation Failure)  198325K->90439K(268288K), 0.0047004 secs]
[GC (Allocation Failure)  213831K->105542K(272896K), 0.0088533 secs]
[GC (Allocation Failure)  228934K->96108K(283648K), 0.0081433 secs]
[GC (Allocation Failure)  230764K->79082K(285184K), 0.0026705 secs]
[GC (Allocation Failure)  213738K->105972K(292864K), 0.0129400 secs]
[GC (Allocation Failure)  248308K->115980K(295424K), 0.0135909 secs]
[GC (Allocation Failure)  258316K->106460K(307200K), 0.0101538 secs]
Exception in thread "main" java.lang.NoSuchMethodError: sinx
Exception in thread "main" java.lang.NoSuchMethodError: sinx
INFO: JavaCall tests passed

>>> End of log
