>>> 'Pkg.add("JavaCall")' log
INFO: Cloning cache of JavaCall from git://github.com/JuliaInterop/JavaCall.jl.git
INFO: Installing JavaCall v0.4.4
INFO: Package database updated
INFO: METADATA is out-of-date — you may not have the latest version of JavaCall
INFO: Use `Pkg.update()` to get the latest versions of your packages

>>> 'Pkg.test("JavaCall")' log
Julia Version 0.4.7
Commit ae26b25 (2016-09-18 16:17 UTC)
Platform Info:
  System: Linux (x86_64-pc-linux-gnu)
  CPU: Intel(R) Xeon(R) CPU E3-1241 v3 @ 3.50GHz
  WORD_SIZE: 64
           Ubuntu 14.04.5 LTS
  uname: Linux 3.13.0-128-generic #177-Ubuntu SMP Tue Aug 8 11:40:23 UTC 2017 x86_64 x86_64
Memory: 2.9392738342285156 GB (1961.26953125 MB free)
Uptime: 48679.0 sec
Load Avg:  0.9013671875  0.95703125  0.9970703125
Intel(R) Xeon(R) CPU E3-1241 v3 @ 3.50GHz: 
       speed         user         nice          sys         idle          irq
#1  3503 MHz    2373237 s       5570 s     187513 s    1797790 s        125 s
#2  3503 MHz    1613160 s       1040 s     158486 s    2920532 s          2 s

  BLAS: libopenblas (USE64BITINT DYNAMIC_ARCH NO_AFFINITY Nehalem)
  LAPACK: libopenblas64_
  LIBM: libopenlibm
  LLVM: libLLVM-3.3
Environment:
  TERM = vt100
  LD_LIBRARY_PATH = :/usr/local/lib/
  PATH = /usr/local/sbin:/usr/local/bin:/usr/sbin:/usr/bin:/sbin:/bin:/usr/games:/usr/local/games:/home/vagrant/julia/bin/
  JAVA_HOME = /usr/lib/jvm/java-8-openjdk-amd64
  HOME = /home/vagrant

Package Directory: /home/vagrant/.julia/v0.4
2 required packages:
 - JSON                          0.9.1
 - JavaCall                      0.4.4
1 additional packages:
 - Compat                        0.26.0
INFO: Testing JavaCall
Loaded /usr/lib/jvm/java-8-openjdk-amd64/jre/lib/amd64/server/libjvm.so
Julia Version 0.4.7
Commit ae26b25 (2016-09-18 16:17 UTC)
Platform Info:
  System: Linux (x86_64-pc-linux-gnu)
  CPU: Intel(R) Xeon(R) CPU E3-1241 v3 @ 3.50GHz
  WORD_SIZE: 64
  BLAS: libopenblas (USE64BITINT DYNAMIC_ARCH NO_AFFINITY Nehalem)
  LAPACK: libopenblas64_
  LIBM: libopenlibm
  LLVM: libLLVM-3.3
In Java, recd: 10
In Java, recd: 10
In Java, recd: 10
In Java, recd: 2147483647
In Java, recd: 9223372036854775807
In Java, recd: Hello Java
In Java, recd: 10.02
In Java, recd: 10.02
In Java, recd: 1.7976931348623157E308
In Java, recd: 3.4028235E38
In Java, recd: null
[GC (Allocation Failure)  12287K->11792K(47104K), 0.0037257 secs]
[GC (Allocation Failure)  24070K->24017K(47104K), 0.0062413 secs]
[Full GC (Ergonomics)  24017K->23989K(65024K), 0.0131680 secs]
[GC (Allocation Failure)  36272K->36238K(65024K), 0.0065335 secs]
[GC (Allocation Failure)  48507K->38271K(76288K), 0.0020079 secs]
[Full GC (Ergonomics)  38271K->4607K(66048K), 0.0128365 secs]
[GC (Allocation Failure)  28142K->28056K(66048K), 0.0057853 secs]
[Full GC (Ergonomics)  28056K->28052K(107008K), 0.0569263 secs]
[GC (Allocation Failure)  51601K->35042K(117760K), 0.0022801 secs]
[GC (Allocation Failure)  63699K->63554K(126464K), 0.0171749 secs]
[GC (Allocation Failure)  92207K->67217K(134656K), 0.0048596 secs]
[GC (Allocation Failure)  100497K->56270K(138240K), 0.0033661 secs]
[GC (Allocation Failure)  89545K->69445K(137728K), 0.0062941 secs]
[GC (Allocation Failure)  103744K->59496K(141312K), 0.0231964 secs]
[GC (Allocation Failure)  93784K->49566K(143872K), 0.0025327 secs]
[GC (Allocation Failure)  87454K->87089K(144384K), 0.0113532 secs]
[Full GC (Ergonomics)  87089K->40166K(172032K), 0.0189194 secs]
[GC (Allocation Failure)  78038K->73225K(176128K), 0.0100319 secs]
[GC (Allocation Failure)  111113K->51046K(180736K), 0.0041726 secs]
[GC (Allocation Failure)  88934K->44400K(184320K), 0.0044959 secs]
[GC (Allocation Failure)  87408K->86927K(184832K), 0.0107240 secs]
[GC (Allocation Failure)  129935K->95547K(188416K), 0.0131117 secs]
[GC (Allocation Failure)  135987K->94179K(195072K), 0.0079715 secs]
[GC (Allocation Failure)  134627K->70632K(198656K), 0.0040257 secs]
[GC (Allocation Failure)  115176K->70925K(201728K), 0.0060570 secs]
[GC (Allocation Failure)  115469K->71414K(199168K), 0.0038233 secs]
[GC (Allocation Failure)  120054K->75675K(201216K), 0.0076071 secs]
[GC (Allocation Failure)  124315K->60390K(201728K), 0.0022741 secs]
[GC (Allocation Failure)  112102K->67485K(202240K), 0.0069474 secs]
[GC (Allocation Failure)  119197K->74776K(200704K), 0.0071292 secs]
[GC (Allocation Failure)  129560K->85207K(202240K), 0.0123703 secs]
[GC (Allocation Failure)  139991K->75851K(205312K), 0.0085315 secs]
[GC (Allocation Failure)  134219K->89898K(206848K), 0.0073771 secs]
[GC (Allocation Failure)  148266K->60038K(214016K), 0.0058138 secs]
[GC (Allocation Failure)  121990K->57497K(214528K), 0.0010288 secs]
[GC (Allocation Failure)  119449K->74561K(214016K), 0.0062117 secs]
[GC (Allocation Failure)  140097K->95821K(216064K), 0.0088822 secs]
[GC (Allocation Failure)  161357K->72939K(220160K), 0.0060835 secs]
[GC (Allocation Failure)  141547K->77220K(222720K), 0.0098631 secs]
[GC (Allocation Failure)  145828K->57321K(223744K), 0.0053024 secs]
[GC (Allocation Failure)  128489K->64749K(224256K), 0.0045595 secs]
[GC (Allocation Failure)  135917K->91443K(221184K), 0.0087406 secs]
[GC (Allocation Failure)  161075K->72352K(225792K), 0.0076863 secs]
[GC (Allocation Failure)  141984K->77786K(222720K), 0.0056191 secs]
[GC (Allocation Failure)  149978K->61641K(224256K), 0.0053733 secs]
[GC (Allocation Failure)  133833K->89507K(222720K), 0.0105326 secs]
Exception in thread "main" java.lang.NoSuchMethodError: sinx
Exception in thread "main" java.lang.NoSuchMethodError: sinx
INFO: JavaCall tests passed

>>> End of log
